// Jest Snapshot v1, https://goo.gl/fbAQLP

exports[`<Repositories /> should render correct 1`] = `
<div>
  <div
    className="input-group mb-3 "
  >
    <div
      className="input-group-prepend"
    >
      <label
        className="input-group-text"
        htmlFor="repositoriesLicenseSelect"
      >
        Лицензия
      </label>
    </div>
    <select
      className="custom-select"
      defaultValue="DEFAULT"
      disabled={true}
      id="repositoriesLicenseSelect"
      onChange={[Function]}
    >
      <option
        value="DEFAULT"
      >
        Фильтр по лицензии...
      </option>
    </select>
  </div>
  <div
    className="input-group mb-3 "
  >
    <div
      className="input-group-prepend"
    >
      <label
        className="input-group-text"
        htmlFor="repositoryName"
      >
        Имя репозитория
      </label>
    </div>
    <input
      aria-describedby="basic-addon1"
      aria-label="repositoryName"
      className="form-control"
      name="repositoryName"
      onChange={[Function]}
      placeholder="Введите имя репозитория"
    />
  </div>
  <p>
    Загрузка Репозиториев...
  </p>
</div>
`;
